
> temp_app@0.1.0 build
> next build

▲ Next.js 16.2.1 (Turbopack)
- Environments: .env

  Creating an optimized production build ...

> Build error occurred
Error: Turbopack build failed with 1 errors:
./app/admin/page.tsx:5:22
`ssr: false` is not allowed with `next/dynamic` in Server Components. Please move it into a Client Component.
  [90m 3 |[0m
  [90m 4 |[0m [90m// Leaflet requires window, so SSR must be disabled for the Map component[0m
[31m[1m>[0m [90m 5 |[0m [36mconst[0m [33mMapComponent[0m = dynamic(() => [36mimport[0m([32m'./MapComponent'[0m), { 
  [90m   |[0m                      [31m[1m^^^^^^^^^^^^^^^^^^^^^^^^^^^^^^^^^^^^^^^^^[0m
[31m[1m>[0m [90m 6 |[0m   ssr: [36mfalse[0m,
  [90m   |[0m [31m[1m^^^^^^^^^^^^^[0m
[31m[1m>[0m [90m 7 |[0m   loading: () => <div style={{display: [32m'flex'[0m, height: [32m'100vh'[0m, justifyContent: [32m'center'[0m, ...
  [90m   |[0m [31m[1m^^^^^^^^^^^^^^^^^^^^^^^^^^^^^^^^^^^^^^^^^^^^^^^^^^^^^^^^^^^^^^^^^^^^^^^^^^^^^^^^^^^^^^^^^^^^^[0m
[31m[1m>[0m [90m 8 |[0m });
  [90m   |[0m [31m[1m^^[0m
  [90m 9 |[0m
  [90m10 |[0m [36mexport[0m [36mconst[0m revalidate = [35m0[0m; 
  [90m11 |[0m

Ecmascript file had an error


    at <unknown> (./app/admin/page.tsx:5:22)
